// Jest Snapshot v1, https://goo.gl/fbAQLP

exports[`EditionsMenu should display a EditionsMenu with correct styling and alternative Regional Buttons 1`] = `
<RCTScrollView
  ItemSeparatorComponent={[Function]}
  data={
    Array [
      Object {
        "edition": "daily-edition",
        "editionType": "Regional",
        "header": Object {
          "subTitle": "Daily",
          "title": "UK",
        },
        "locale": "en_GB",
        "notificationUTCOffset": 3,
        "subTitle": "Published from London every 
morning by 6am (GMT)",
        "title": "UK Daily",
        "topic": "uk",
      },
      Object {
        "edition": "australian-edition",
        "editionType": "Regional",
        "header": Object {
          "subTitle": "Weekend",
          "title": "Australia",
        },
        "locale": "en_AU",
        "notificationUTCOffset": -5,
        "subTitle": "Published from Sydney every 
Saturday by 6 am (AEST)",
        "title": "Australia Weekend",
        "topic": "au",
      },
    ]
  }
  disableVirtualization={false}
  getItem={[Function]}
  getItemCount={[Function]}
  horizontal={false}
  initialNumToRender={10}
  keyExtractor={[Function]}
  maxToRenderPerBatch={10}
  numColumns={1}
  onContentSizeChange={[Function]}
  onEndReachedThreshold={2}
  onLayout={[Function]}
  onMomentumScrollEnd={[Function]}
  onScroll={[Function]}
  onScrollBeginDrag={[Function]}
  onScrollEndDrag={[Function]}
  removeClippedSubviews={false}
  renderItem={[Function]}
  scrollEventThrottle={50}
  stickyHeaderIndices={Array []}
  style={
    Object {
      "height": 1334,
      "paddingHorizontal": 14,
      "paddingTop": 17,
    }
  }
  updateCellsBatchingPeriod={50}
  viewabilityConfigCallbackPairs={Array []}
  windowSize={21}
>
  <View>
    <View
      onLayout={[Function]}
      style={null}
    >
      EditionButton
      <View
        style={
          Object {
            "height": 10,
          }
        }
      />
    </View>
    <View
      onLayout={[Function]}
      style={null}
    >
      EditionButton
    </View>
  </View>
</RCTScrollView>
`;

exports[`EditionsMenu should display a EditionsMenu with correct styling default Regional Buttons and a Special Edition Button 1`] = `
<RCTScrollView
  ItemSeparatorComponent={[Function]}
  data={
    Array [
      Object {
        "edition": "daily-edition",
        "editionType": "Regional",
        "header": Object {
          "subTitle": "Daily",
          "title": "UK",
        },
        "locale": "en_GB",
        "notificationUTCOffset": 3,
        "subTitle": "Published from London every 
morning by 6am (GMT)",
        "title": "UK Daily",
        "topic": "uk",
      },
      Object {
        "edition": "australian-edition",
        "editionType": "Regional",
        "header": Object {
          "subTitle": "Weekend",
          "title": "Australia",
        },
        "locale": "en_AU",
        "notificationUTCOffset": -5,
        "subTitle": "Published from Sydney every 
Saturday by 6 am (AEST)",
        "title": "Australia Weekend",
        "topic": "au",
      },
    ]
  }
  disableVirtualization={false}
  getItem={[Function]}
  getItemCount={[Function]}
  horizontal={false}
  initialNumToRender={10}
  keyExtractor={[Function]}
  maxToRenderPerBatch={10}
  numColumns={1}
  onContentSizeChange={[Function]}
  onEndReachedThreshold={2}
  onLayout={[Function]}
  onMomentumScrollEnd={[Function]}
  onScroll={[Function]}
  onScrollBeginDrag={[Function]}
  onScrollEndDrag={[Function]}
  removeClippedSubviews={false}
  renderItem={[Function]}
  scrollEventThrottle={50}
  stickyHeaderIndices={Array []}
  style={
    Object {
      "height": 1334,
      "paddingHorizontal": 14,
      "paddingTop": 17,
    }
  }
  updateCellsBatchingPeriod={50}
  viewabilityConfigCallbackPairs={Array []}
  windowSize={21}
>
  <View>
    <View
      onLayout={[Function]}
      style={null}
    >
      EditionButton
      <View
        style={
          Object {
            "height": 10,
          }
        }
      />
    </View>
    <View
      onLayout={[Function]}
      style={null}
    >
      EditionButton
    </View>
  </View>
</RCTScrollView>
`;

exports[`EditionsMenu should display a default EditionsMenu with correct styling and default Regional Buttons 1`] = `
<RCTScrollView
  ItemSeparatorComponent={[Function]}
  data={
    Array [
      Object {
        "edition": "daily-edition",
        "editionType": "Regional",
        "header": Object {
          "subTitle": "Daily",
          "title": "UK",
        },
        "locale": "en_GB",
        "notificationUTCOffset": 3,
        "subTitle": "Published from London every 
morning by 6am (GMT)",
        "title": "UK Daily",
        "topic": "uk",
      },
      Object {
        "edition": "australian-edition",
        "editionType": "Regional",
        "header": Object {
          "subTitle": "Weekend",
          "title": "Australia",
        },
        "locale": "en_AU",
        "notificationUTCOffset": -5,
        "subTitle": "Published from Sydney every 
Saturday by 6 am (AEST)",
        "title": "Australia Weekend",
        "topic": "au",
      },
    ]
  }
  disableVirtualization={false}
  getItem={[Function]}
  getItemCount={[Function]}
  horizontal={false}
  initialNumToRender={10}
  keyExtractor={[Function]}
  maxToRenderPerBatch={10}
  numColumns={1}
  onContentSizeChange={[Function]}
  onEndReachedThreshold={2}
  onLayout={[Function]}
  onMomentumScrollEnd={[Function]}
  onScroll={[Function]}
  onScrollBeginDrag={[Function]}
  onScrollEndDrag={[Function]}
  removeClippedSubviews={false}
  renderItem={[Function]}
  scrollEventThrottle={50}
  stickyHeaderIndices={Array []}
  style={
    Object {
      "height": 1334,
      "paddingHorizontal": 14,
      "paddingTop": 17,
    }
  }
  updateCellsBatchingPeriod={50}
  viewabilityConfigCallbackPairs={Array []}
  windowSize={21}
>
  <View>
    <View
      onLayout={[Function]}
      style={null}
    >
      EditionButton
      <View
        style={
          Object {
            "height": 10,
          }
        }
      />
    </View>
    <View
      onLayout={[Function]}
      style={null}
    >
      EditionButton
    </View>
  </View>
</RCTScrollView>
`;
